
> the-bridge@0.0.0 test
> vitest --run


[1m[46m RUN [49m[22m [36mv4.0.18 [39m[90mC:/Users/mazgu/Projects/Naomi/The Bridge/the-bridge[39m

 [32mÔ£ô[39m src/test/sanity.test.ts [2m([22m[2m1 test[22m[2m)[22m[32m 2[2mms[22m[39m
[90mstdout[2m | src/test/Dashboard.test.tsx[2m > [22m[2mDashboard Component[2m > [22m[2mrenders feature cards
[22m[39m[36m<body>[39m
  [36m<div>[39m
    [36m<div[39m
      [33mclass[39m=[32m"space-y-8 animate-fade-in pb-12"[39m
    [36m>[39m
      [36m<header[39m
        [33mclass[39m=[32m"flex flex-col md:flex-row justify-between items-start md:items-end gap-4 mb-8"[39m
      [36m>[39m
        [36m<div>[39m
          [36m<h2[39m
            [33mclass[39m=[32m"text-4xl md:text-5xl font-serif text-bridge-slate mb-2"[39m
          [36m>[39m
            [0mGood morning, [0m
            [0mTest User[0m
          [36m</h2>[39m
          [36m<p[39m
            [33mclass[39m=[32m"text-slate-500 text-lg font-light"[39m
          [36m>[39m
            [0mReady to build your bridge to what's next?[0m
          [36m</p>[39m
        [36m</div>[39m
        [36m<div[39m
          [33mclass[39m=[32m"flex gap-3"[39m
        [36m>[39m
          [36m<button[39m
            [33mclass[39m=[32m"p-3 rounded-full bg-white/40 hover:bg-white/80 transition-colors backdrop-blur-md border border-white/50 text-slate-600 shadow-sm relative"[39m
          [36m>[39m
            [36m<svg[39m
              [33maria-hidden[39m=[32m"true"[39m
              [33mclass[39m=[32m"lucide lucide-bell"[39m
              [33mfill[39m=[32m"none"[39m
              [33mheight[39m=[32m"20"[39m
              [33mstroke[39m=[32m"currentColor"[39m
              [33mstroke-linecap[39m=[32m"round"[39m
              [33mstroke-linejoin[39m=[32m"round"[39m
              [33mstroke-width[39m=[32m"2"[39m
              [33mviewBox[39m=[32m"0 0 24 24"[39m
              [33mwidth[39m=[32m"20"[39m
              [33mxmlns[39m=[32m"http://www.w3.org/2000/svg"[39m
            [36m>[39m
              [36m<path[39m
                [33md[39m=[32m"M10.268 21a2 2 0 0 0 3.464 0"[39m
              [36m/>[39m
              [36m<path[39m
                [33md[39m=[32m"M3.262 15.326A1 1 0 0 0 4 17h16a1 1 0 0 0 .74-1.673C19.41 13.956 18 12.499 18 8A6 6 0 0 0 6 8c0 4.499-1.411 5.956-2.738 7.326"[39m
              [36m/>[39m
            [36m</svg>[39m
            [36m<span[39m
              [33mclass[39m=[32m"absolute top-2 right-2 w-2 h-2 bg-rose-400 rounded-full border-2 border-white"[39m
            [36m/>[39m
          [36m</button>[39m
          [36m<div[39m
            [33mclass[39m=[32m"w-12 h-12 rounded-full overflow-hidden border-2 border-white shadow-md"[39m
          [36m>[39m
            [36m<img[39m
              [33malt[39m=[32m"Test User"[39m
              [33mclass[39m=[32m"w-full h-full object-cover"[39m
              [33msrc[39m=[32m"https://example.com/photo.jpg"[39m
            [36m/>[39m
          [36m</div>[39m
        [36m</div>[39m
      [36m</header>[39m
      [36m<div[39m
        [33mclass[39m=[32m"grid grid-cols-1 md:grid-cols-2 gap-6"[39m
      [36m>[39m
        [36m<div[39m
          [33mclass[39m=[32m"
        bg-white/40 
        backdrop-blur-xl 
        border border-white/50 
        shadow-[0_8px_30px_rgb(0,0,0,0.04)] 
        rounded-3xl 
        p-6 
        transition-all 
        duration-300 
        ease-out
        
        flex flex-col justify-between h-52 relative overflow-hidden
      "[39m
        [36m>[39m
          [36m<div[39m
            [33mclass[39m=[32m"flex justify-between items-start z-10"[39m
          [36m>[39m
            [36m<div>[39m
              [36m<div[39m
                [33mclass[39m=[32m"text-slate-500 text-[10px] font-bold uppercase tracking-widest mb-1 flex items-center gap-1"[39m
              [36m>[39m
                [36m<svg[39m
                  [33maria-hidden[39m=[32m"true"[39m
                  [33mclass[39m=[32m"lucide lucide-trending-up"[39m
                  [33mfill[39m=[32m"none"[39m
                  [33mheight[39m=[32m"12"[39m
                  [33mstroke[39m=[32m"currentColor"[39m
                  [33mstroke-linecap[39m=[32m"round"[39m
                  [33mstroke-linejoin[39m=[32m"round"[39m
                  [33mstroke-width[39m=[32m"2"[39m
                  [33mviewBox[39m=[32m"0 0 24 24"[39m
                  [33mwidth[39m=[32m"12"[39m
                  [33mxmlns[39m=[32m"http://www.w3.org/2000/svg"[39m
                [36m>[39m
                  [36m<path[39m
                    [33md[39m=[32m"M16 7h6v6"[39m
                  [36m/>[39m
                  [36m<path[39m
                    [33md[39m=[32m"m22 7-8.5 8.5-5-5L2 17"[39m
                  [36m/>[39m
                [36m</svg>[39m
                [0m Building the Bridge[0m
              [36m</div>[39m
              [36m<div[39m
                [33mclass[39m=[32m"text-3xl font-serif text-bridge-slate font-bold mb-1"[39m
              [36m>[39m
                [0m42[0m
                [0m%[0m
              [36m</div>[39m
              [36m<div[39m
                [33mclass[39m=[32m"text-xs text-slate-400 font-medium"[39m
              [36m>[39m
                [0mDay-One Ready[0m
              [36m</div>[39m
            [36m</div>[39m
            [36m<div[39m
              [33mclass[39m=[32m"relative"[39m
            [36m>[39m
              [36m<div[39m
                [33mclass[39m=[32m"relative flex items-center justify-center"[39m
                [33mstyle[39m=[32m"width: 72px; height: 72px;"[39m
              [36m>[39m
                [36m<svg[39m
                  [33mclass[39m=[32m"rotate-[-90deg] transition-all duration-1000 ease-out"[39m
                  [33mheight[39m=[32m"72"[39m
                  [33mwidth[39m=[32m"72"[39m
                [36m>[39m
                  [36m<circle[39m
                    [33mcx[39m=[32m"36"[39m
                    [33mcy[39m=[32m"36"[39m
                    [33mfill[39m=[32m"transparent"[39m
                    [33mr[39m=[32m"24"[39m
                    [33mstroke[39m=[32m"#e2e8f0"[39m
                    [33mstroke-width[39m=[32m"6"[39m
                  [36m/>[39m
                  [36m<circle[39m
                    [33mcx[39m=[32m"36"[39m
                    [33mcy[39m=[32m"36"[39m
                    [33mfill[39m=[32m"transparent"[39m
                    [33mr[39m=[32m"24"[39m
                    [33mstroke[39m=[32m"#9FBFA0"[39m
                    [33mstroke-dasharray[39m=[32m"150.79644737231007 150.79644737231007"[39m
                    [33mstroke-linecap[39m=[32m"round"[39m
                    [33mstroke-width[39m=[32m"6"[39m
                    [33mstyle[39m=[32m"stroke-dashoffset: 87.46193947593984;"[39m
                  [36m/>[39m
                [36m</svg>[39m
                [36m<div[39m
                  [33mclass[39m=[32m"absolute text-center"[39m
                [36m>[39m
                  [36m<span[39m
                    [33mclass[39m=[3...

 [31mÔØ»[39m src/test/Dashboard.test.tsx [2m([22m[2m2 tests[22m[2m | [22m[31m1 failed[39m[2m)[22m[32m 63[2mms[22m[39m
     [32mÔ£ô[39m renders the welcome message[32m 40[2mms[22m[39m
[31m     [31m├ù[31m renders feature cards[39m[32m 22[2mms[22m[39m
node.exe : 
At line:1 char:1
+ & "C:\Program Files\nodejs/node.exe" "C:\Users\mazgu\AppData\Roaming\ ...
+ ~~~~~~~~~~~~~~~~~~~~~~~~~~~~~~~~~~~~~~~~~~~~~~~~~~~~~~~~~~~~~~~~~~~~~
    + CategoryInfo          : NotSpecified: (:String) [], RemoteException
    + FullyQualifiedErrorId : NativeCommandError
 
[31mÔÄ»ÔÄ»ÔÄ»ÔÄ»ÔÄ»ÔÄ»ÔÄ»[39m[1m[41m Failed Tests 1 
[49m[22m[31mÔÄ»ÔÄ»ÔÄ»ÔÄ»ÔÄ»ÔÄ»ÔÄ»[39m

[41m[1m FAIL [22m[49m src/test/Dashboard.test.tsx[2m > [22mDashboard 
Component[2m > [22mrenders feature cards
[31m[1mTestingLibraryElementError[22m[39m: Found multiple elements with the 
text: /Interview Simulation/i

Here are the matching elements:

Ignored nodes: comments, script, style
[36m<div[39m
  [33mclass[39m=[32m"text-xl font-serif text-white flex items-center 
justify-between"[39m
[36m>[39m
  [0mInterview Simulation Lab[0m
  [36m<div[39m
    [33mclass[39m=[32m"w-8 h-8 rounded-full bg-white/20 flex items-center 
justify-center group-hover:bg-white/30 transition-colors"[39m
  [36m>[39m
    [36m<svg[39m
      [33maria-hidden[39m=[32m"true"[39m
      [33mclass[39m=[32m"lucide lucide-arrow-right"[39m
      [33mfill[39m=[32m"none"[39m
      [33mheight[39m=[32m"16"[39m
      [33mstroke[39m=[32m"currentColor"[39m
      [33mstroke-linecap[39m=[32m"round"[39m
      [33mstroke-linejoin[39m=[32m"round"[39m
      [33mstroke-width[39m=[32m"2"[39m
      [33mviewBox[39m=[32m"0 0 24 24"[39m
      [33mwidth[39m=[32m"16"[39m
      [33mxmlns[39m=[32m"http://www.w3.org/2000/svg"[39m
    [36m>[39m
      [36m<path[39m
        [33md[39m=[32m"M5 12h14"[39m
      [36m/>[39m
      [36m<path[39m
        [33md[39m=[32m"m12 5 7 7-7 7"[39m
      [36m/>[39m
    [36m</svg>[39m
  [36m</div>[39m
[36m</div>[39m

Ignored nodes: comments, script, style
[36m<h4[39m
  [33mclass[39m=[32m"text-lg font-semibold text-slate-800 
group-hover:text-bridge-slate transition-colors"[39m
[36m>[39m
  [0mInterview Simulation[0m
[36m</h4>[39m

(If this is intentional, then use the `*AllBy*` variant of the query (like 
`queryAllByText`, `getAllByText`, or `findAllByText`)).

Ignored nodes: comments, script, style
[36m<body>[39m
  [36m<div>[39m
    [36m<div[39m
      [33mclass[39m=[32m"space-y-8 animate-fade-in pb-12"[39m
    [36m>[39m
      [36m<header[39m
        [33mclass[39m=[32m"flex flex-col md:flex-row justify-between items-start 
md:items-end gap-4 mb-8"[39m
      [36m>[39m
        [36m<div>[39m
          [36m<h2[39m
            [33mclass[39m=[32m"text-4xl md:text-5xl font-serif text-bridge-slate 
mb-2"[39m
          [36m>[39m
            [0mGood morning, [0m
            [0mTest User[0m
          [36m</h2>[39m
          [36m<p[39m
            [33mclass[39m=[32m"text-slate-500 text-lg font-light"[39m
          [36m>[39m
            [0mReady to build your bridge to what's next?[0m
          [36m</p>[39m
        [36m</div>[39m
        [36m<div[39m
          [33mclass[39m=[32m"flex gap-3"[39m
        [36m>[39m
          [36m<button[39m
            [33mclass[39m=[32m"p-3 rounded-full bg-white/40 hover:bg-white/80 
transition-colors backdrop-blur-md border border-white/50 text-slate-600 shadow-sm 
relative"[39m
          [36m>[39m
            [36m<svg[39m
              [33maria-hidden[39m=[32m"true"[39m
              [33mclass[39m=[32m"lucide lucide-bell"[39m
              [33mfill[39m=[32m"none"[39m
              [33mheight[39m=[32m"20"[39m
              [33mstroke[39m=[32m"currentColor"[39m
              [33mstroke-linecap[39m=[32m"round"[39m
              [33mstroke-linejoin[39m=[32m"round"[39m
              [33mstroke-width[39m=[32m"2"[39m
              [33mviewBox[39m=[32m"0 0 24 24"[39m
              [33mwidth[39m=[32m"20"[39m
              [33mxmlns[39m=[32m"http://www.w3.org/2000/svg"[39m
            [36m>[39m
              [36m<path[39m
                [33md[39m=[32m"M10.268 21a2 2 0 0 0 3.464 0"[39m
              [36m/>[39m
              [36m<path[39m
                [33md[39m=[32m"M3.262 15.326A1 1 0 0 0 4 17h16a1 1 0 0 0 
.74-1.673C19.41 13.956 18 12.499 18 8A6 6 0 0 0 6 8c0 4.499-1.411 5.956-2.738 
7.326"[39m
              [36m/>[39m
            [36m</svg>[39m
            [36m<span[39m
              [33mclass[39m=[32m"absolute top-2 right-2 w-2 h-2 bg-rose-400 
rounded-full border-2 border-white"[39m
            [36m/>[39m
          [36m</button>[39m
          [36m<div[39m
            [33mclass[39m=[32m"w-12 h-12 rounded-full overflow-hidden border-2 
border-white shadow-md"[39m
          [36m>[39m
            [36m<img[39m
              [33malt[39m=[32m"Test User"[39m
              [33mclass[39m=[32m"w-full h-full object-cover"[39m
              [33msrc[39m=[32m"https://example.com/photo.jpg"[39m
            [36m/>[39m
          [36m</div>[39m
        [36m</div>[39m
      [36m</header>[39m
      [36m<div[39m
        [33mclass[39m=[32m"grid grid-cols-1 md:grid-cols-2 gap-6"[39m
      [36m>[39m
        [36m<div[39m
          [33mclass[39m=[32m"
        bg-white/40 
        backdrop-blur-xl 
        border border-white/50 
        shadow-[0_8px_30px_rgb(0,0,0,0.04)] 
        rounded-3xl 
        p-6 
        transition-all 
        duration-300 
        ease-out
        
        flex flex-col justify-between h-52 relative overflow-hidden
      "[39m
        [36m>[39m
          [36m<div[39m

[2m Test Files [22m [1m[31m1 failed[39m[22m[2m | [22m[1m[32m1 passed[39m[22m[90m (2)[39m
[2m      Tests [22m [1m[31m1 failed[39m[22m[2m | [22m[1m[32m2 passed[39m[22m[90m (3)[39m
[2m   Start at [22m 15:12:38
[2m   Duration [22m 1.68s[2m (transform 118ms, setup 293ms, import 251ms, tests 65ms, environment 2.13s)[22m

            [33mclass[39m=[32m"flex justify-between items-start z-10"[39m
          [36m>[39m
            [36m<div>[39m
              [36m<div[39m
                [33mclass[39m=[32m"text-slate-500 text-[10px] font-bold 
uppercase tracking-widest mb-1 flex items-center gap-1"[39m
              [36m>[39m
                [36m<svg[39m
                  [33maria-hidden[39m=[32m"true"[39m
                  [33mclass[39m=[32m"lucide lucide-trending-up"[39m
                  [33mfill[39m=[32m"none"[39m
                  [33mheight[39m=[32m"12"[39m
                  [33mstroke[39m=[32m"currentColor"[39m
                  [33mstroke-linecap[39m=[32m"round"[39m
                  [33mstroke-linejoin[39m=[32m"round"[39m
                  [33mstroke-width[39m=[32m"2"[39m
                  [33mviewBox[39m=[32m"0 0 24 24"[39m
                  [33mwidth[39m=[32m"12"[39m
                  [33mxmlns[39m=[32m"http://www.w3.org/2000/svg"[39m
                [36m>[39m
                  [36m<path[39m
                    [33md[39m=[32m"M16 7h6v6"[39m
                  [36m/>[39m
                  [36m<path[39m
                    [33md[39m=[32m"m22 7-8.5 8.5-5-5L2 17"[39m
                  [36m/>[39m
                [36m</svg>[39m
                [0m Building the Bridge[0m
              [36m</div>[39m
              [36m<div[39m
                [33mclass[39m=[32m"text-3xl font-serif text-bridge-slate 
font-bold mb-1"[39m
              [36m>[39m
                [0m42[0m
                [0m%[0m
              [36m</div>[39m
              [36m<div[39m
                [33mclass[39m=[32m"text-xs text-slate-400 font-medium"[39m
              [36m>[39m
                [0mDay-One Ready[0m
              [36m</div>[39m
            [36m</div>[39m
            [36m<div[39m
              [33mclass[39m=[32m"relative"[39m
            [36m>[39m
              [36m<div[39m
                [33mclass[39m=[32m"relative flex items-center 
justify-center"[39m
                [33mstyle[39m=[32m"width: 72px; height: 72px;"[39m
              [36m>[39m
                [36m<svg[39m
                  [33mclass[39m=[32m"rotate-[-90deg] transition-all 
duration-1000 ease-out"[39m
                  [33mheight[39m=[32m"72"[39m
                  [33mwidth[39m=[32m"72"[39m
                [36m>[39m
                  [36m<circle[39m
                    [33mcx[39m=[32m"36"[39m
                    [33mcy[39m=[32m"36"[39m
                    [33mfill[39m=[32m"transparent"[39m
                    [33mr[39m=[32m"24"[39m
                    [33mstroke[39m=[32m"#e2e8f0"[39m
                    [33mstroke-width[39m=[32m"6"[39m
                  [36m/>[39m
                  [36m<circle[39m
                    [33mcx[39m=[32m"36"[39m
                    [33mcy[39m=[32m"36"[39m
                    [33mfill[39m=[32m"transparent"[39m
                    [33mr[39m=[32m"24"[39m
                    [33mstroke[39m=[32m"#9FBFA0"[39m
                    [33mstroke-dasharray[39m=[32m"150.79644737231007 
150.79644737231007"[39m
                    [33mstroke-linecap[39m=[32m"round"[39m
                    [33mstroke-width[39m=[32m"6"[39m
                    [33mstyle[39m=[32m"stroke-dashoffset: 
87.46193947593984;"[39m
                  [36m/>[39m
                [36m</svg>[39m
                [36m<div[39m
                  [33mclass[39m=[32m"absolute text-center"[39m
                [36m>[39m
                  [36m<span[39m
                    [33mclass[39m=[3...
[90m [2mÔØ»[22m Object.getElementError 
node_modules/@testing-library/dom/dist/config.js:[2m37:19[22m[39m
[90m [2mÔØ»[22m getElementError 
node_modules/@testing-library/dom/dist/query-helpers.js:[2m20:35[22m[39m
[90m [2mÔØ»[22m getMultipleElementsFoundError 
node_modules/@testing-library/dom/dist/query-helpers.js:[2m23:10[22m[39m
[90m [2mÔØ»[22m 
node_modules/@testing-library/dom/dist/query-helpers.js:[2m55:13[22m[39m
[90m [2mÔØ»[22m 
node_modules/@testing-library/dom/dist/query-helpers.js:[2m95:19[22m[39m
[36m [2mÔØ»[22m src/test/Dashboard.test.tsx:[2m77:23[22m[39m
    [90m 75| [39m        screen[33m.[39m[34mdebug[39m()[33m;[39m
    [90m 76| [39m        
[34mexpect[39m(screen[33m.[39m[34mgetByText[39m([36m/CV 
Studio/i[39m))[33m.[39m[34mtoBeInTheDocument[39m()[33m;[39m
    [90m 77| [39m        expect(screen.getByText(/Interview 
Simulation/i)).toBeInTheDocÔÇª
    [90m   | [39m                      [31m^[39m
    [90m 78| [39m    })[33m;[39m
    [90m 79| [39m})[33m;[39m

[31m[2mÔÄ»ÔÄ»ÔÄ»ÔÄ»ÔÄ»ÔÄ»ÔÄ»ÔÄ»ÔÄ»ÔÄ»ÔÄ»ÔÄ»ÔÄ»ÔÄ»ÔÄ»ÔÄ»ÔÄ»ÔÄ»ÔÄ»ÔÄ»ÔÄ»ÔÄ»ÔÄ»ÔÄ»[1/
1]ÔÄ»[22m[39m

